Phase 4 -- allenai/OLMoE-1B-7B-0924 (first MoE). Env: torch 2.13.0+cpu, transformers 5.14.1.
revision resolved: 6d84c48581ece794365f2b8e9cfb043c68ade9c5
cmd: python src/run.py --profile develop/models/phase4-olmoe-1b-7b.yaml --out develop/out/ --check-repro

RESULT: PASS. Required check C8 trace-verified (WARN normal). No FAIL. C13 reproducible.
  C1 PASS 16==16 | C2 PASS 1 cluster | C3 PASS acyclic | C4 PASS
  C6 PASS hidden=2048 | C7 PASS MHA | C8 WARN trace-verified [router_dim(E=64):ok, top_k(8):ok,
    expert_weight:grouped] -- routed-token count symbolic (k*T), normal
  C9 PASS vocab=50304 | C10 PASS all 179 params covered (incl. grouped expert weights)
  C11 PASS | C13 PASS identical 2 runs | C14 PASS used=17 | C15 PASS
-> moved profile to models/phase4-olmoe-1b-7b.yaml, canary tag [MoE-simple].

STRUCTURE OBSERVED (trace, ground truth):
  router: mm -> [T,E] (weight [E,d_model]) -> softmax -> topk -> [[T,k],[T,k]]
  grouping: sort/floor_divide/histc/cumsum/index (token->expert bucketing)
  experts: _grouped_mm gate_up (weight [E,d_model,2*..]) -> split -> silu -> mul ->
           _grouped_mm down (weight [E,d_model,d_ff]) -> index_put/sum back to [T,d_model]
  routed-token dim = k*T (data-dependent count; rendered symbolically)
-> rules/structures/moe/basic.md updated (OLMoE confirmed, grouped_mm style documented).

CHANGES THIS PHASE:
  - validate.c8_moe: was a config-echo stub; now trace-verifies router-dim==E, top-k, and
    expert-weight (grouped [E,...] or >=2 per-expert modules). FAILs if no evidence (experts
    not traced). run.py passes prefill_rows to it now.
  - rules/optype_map.yaml: aten._grouped_mm.default -> grouped_matmul.
